
> fernando-tecnico-web@0.1.0 test
> jest src/components/tienda/__tests__/ProductCard.test.tsx

node.exe : FAIL src/components/tienda/__tests__/P
roductCard.test.tsx
En línea: 1 Carácter: 1
+ & "C:\nvm4w\nodejs/node.exe" 
"C:\nvm4w\nodejs/node_modules/npm/bin/np ...
+ ~~~~~~~~~~~~~~~~~~~~~~~~~~~~~~~~~~~~~~~~~~~~~~~
~~~~~~~~~~~~~~~~~~~~~~
    + CategoryInfo          : NotSpecified: (FAI 
   L src/compon...ctCard.test.tsx:String) [], R  
  emoteException
    + FullyQualifiedErrorId : NativeCommandError
 
  ProductCard
    ÔêÜ renders product information correctly 
(64 ms)
    ÔêÜ displays product price in COP format (10 
ms)
    ÔêÜ shows availability status (7 ms)
    ÔêÜ displays status badge (8 ms)
    ÔêÜ shows low stock warning when stock is 3 
or less (7 ms)
    ├ù shows out of stock overlay when not 
available (12 ms)

  ÔùÅ ProductCard ÔÇ║ shows out of stock overlay 
when not available

    TestingLibraryElementError: Found multiple 
elements with the text: Agotado

    Here are the matching elements:

    Ignored nodes: comments, script, style
    [36m<span>[39m
      [0mAgotado[0m
    [36m</span>[39m

    Ignored nodes: comments, script, style
    [36m<span[39m
      [33mclass[39m=[32m"unavailable"[39m
    [36m>[39m
      [36m<span[39m
        [33mclass[39m=[32m"dot"[39m
      [36m>[39m
        [0mÔùÅ[0m
      [36m</span>[39m
      [0m Agotado[0m
    [36m</span>[39m

    (If this is intentional, then use the 
`*AllBy*` variant of the query (like 
`queryAllByText`, `getAllByText`, or 
`findAllByText`)).

    Ignored nodes: comments, script, style
    [36m<body>[39m
      [36m<div>[39m
        [36m<article[39m
          [33mclass[39m=[32m"card"[39m
        [36m>[39m
          [36m<div[39m
            
[33mclass[39m=[32m"shareButtons"[39m
          [36m>[39m
            [36m<button[39m
              
[33maria-label[39m=[32m"Compartir en 
WhatsApp"[39m
              
[33mclass[39m=[32m"shareBtn"[39m
            [36m>[39m
              [36m<svg[39m
                
[33mfill[39m=[32m"currentColor"[39m
                [33mviewBox[39m=[32m"0 0 24 
24"[39m
              [36m>[39m
                [36m<path[39m
                  [33md[39m=[32m"M17.472 14.38
2c-.297-.149-1.758-.867-2.03-.967-.273-.099-.471-
.148-.67.15-.197.297-.767.966-.94 1.164-.173.199-
.347.223-.644.075-.297-.15-1.255-.463-2.39-1.475-
.883-.788-1.48-1.761-1.653-2.059-.173-.297-.018-.
458.13-.606.134-.133.298-.347.446-.52.149-.174.19
8-.298.298-.497.099-.198.05-.371-.025-.52-.075-.1
49-.669-1.612-.916-2.207-.242-.579-.487-.5-.669-.
51-.173-.008-.371-.01-.57-.01-.198 
0-.52.074-.792.372-.272.297-1.04 1.016-1.04 
2.479 0 1.462 1.065 2.875 1.213 3.074.149.198 
2.096 3.2 5.077 4.487.709.306 1.262.489 
1.694.625.712.227 1.36.195 1.871.118.571-.085 
1.758-.719 2.006-1.413.248-.694.248-1.289.173-1.4
13-.074-.124-.272-.198-.57-.347m-5.421 
7.403h-.004a9.87 9.87 0 01-5.031-1.378l-.361-.214
-3.741.982.998-3.648-.235-.374a9.86 9.86 0 
01-1.51-5.26c.001-5.45 4.436-9.884 9.888-9.884 
2.64 0 5.122 1.03 6.988 2.898a9.825 9.825 0 
012.893 6.994c-.003 5.45-4.437 9.884-9.885 
9.884m8.413-18.297A11.815 11.815 0 0012.05 
0C5.495 0 .16 5.335.157 11.892c0 2.096.547 4.142 
1.588 5.945L.057 24l6.305-1.654a11.882 11.882 0 
005.683 1.448h.005c6.554 0 11.89-5.335 
11.893-11.893a11.821 11.821 0 
00-3.48-8.413z"[39m
                [36m/>[39m
              [36m</svg>[39m
            [36m</button>[39m
            [36m<button[39m
              
[33maria-label[39m=[32m"Compartir en 
Facebook"[39m
              
[33mclass[39m=[32m"shareBtn"[39m
            [36m>[39m
              [36m<svg[39m
                
[33mfill[39m=[32m"currentColor"[39m
                [33mviewBox[39m=[32m"0 0 24 
24"[39m
              [36m>[39m
                [36m<path[39m
                  [33md[39m=[32m"M24 
12.073c0-6.627-5.373-12-12-12s-12 5.373-12 12c0 
5.99 4.388 10.954 10.125 
11.854v-8.385H7.078v-3.47h3.047V9.43c0-3.007 
1.792-4.669 4.533-4.669 1.312 0 2.686.235 
2.686.235v2.953H15.83c-1.491 0-1.956.925-1.956 
1.874v2.25h3.328l-.532 3.47h-2.796v8.385C19.612 
23.027 24 18.062 24 12.073z"[39m
                [36m/>[39m
              [36m</svg>[39m
            [36m</button>[39m
            [36m<button[39m
              [33maria-label[39m=[32m"Copiar 
enlace"[39m
              
[33mclass[39m=[32m"shareBtn"[39m
            [36m>[39m
              [36m<svg[39m
                [33mfill[39m=[32m"none"[39m
                
[33mstroke[39m=[32m"currentColor"[39m
                
[33mstroke-width[39m=[32m"2"[39m
                [33mviewBox[39m=[32m"0 0 24 
24"[39m
              [36m>[39m
                [36m<path[39m
                  [33md[39m=[32m"M10 13a5 5 0 
0 0 7.54.54l3-3a5 5 0 0 0-7.07-7.07l-1.72 
1.71"[39m
                [36m/>[39m
                [36m<path[39m
                  [33md[39m=[32m"M14 11a5 5 0 
0 0-7.54-.54l-3 3a5 5 0 0 0 7.07 
7.07l1.71-1.71"[39m
                [36m/>[39m
              [36m</svg>[39m
            [36m</button>[39m
          [36m</div>[39m
          [36m<a[39m
            [33mclass[39m=[32m"imageLink"[39m
            [33mhref[39m=[32m"/tienda/laptop-h
p-15-dy2021la"[39m
          [36m>[39m
            [36m<div[39m
              
[33mclass[39m=[32m"imageWrapper"[39m
            [36m>[39m
              [36m<img[39m
                [33malt[39m=[32m"Laptop HP 
15-dy2021la"[39m
                [33mclass[39m=[32m"image"[39m
                [33mheight[39m=[32m"400"[39m
                
[33msrc[39m=[32m"/test-image.jpg"[39m
                [33mwidth[39m=[32m"400"[39m
              [36m/>[39m
              [36m<div[39m
                
[33mclass[39m=[32m"outOfStock"[39m
              [36m>[39m
                [36m<span>[39m
                  [0mAgotado[0m
                [36m</span>[39m
              [36m</div>[39m
            [36m</div>[39m
          [36m</a>[39m
          [36m<div[39m
            [33mclass[39m=[32m"content"[39m
          [36m>[39m
            [36m<div[39m
              [33mclass[39m=[32m"badges"[39m
            [36m>[39m
              [36m<span[39m
                [33mclass[39m=[32m"badge 
nuevo"[39m
              [36m>[39m
                [0mÔ¡É NUEVO[0m
              [36m</span>[39m
            [36m</div>[39m
            [36m<a[39m
              
[33mclass[39m=[32m"titleLink"[39m
              [33mhref[39m=[32m"/tienda/laptop
-hp-15-dy2021la"[39m
            [36m>[39m
              [36m<h3[39m
                [33mclass[39m=[32m"title"[39m
              [36m>[39m
                [0mLaptop HP 15-dy2021la[0m
              [36m</h3>[39m
            [36m</a>[39m
            [36m<p[39m
              
[33mclass[39m=[32m"category"[39m
            [36m>[39m
              [0mComputadores[0m
            [36m</p>[39m
            [36m<div[39m
              [33mclass[39m=[32m"footer"[39m
            [36m>[39m
              [36m<div[39m
                
[33mclass[39m=[32m"priceWrapper"[39m
              [36m>[39m
                [36m<span[39m
                  
[33mclass[39m=[32m"price"[39m
                [36m>[39m
                  [0m$[0m
                  [0m1.850.000[0m
                [36m</span>[39m
                [36m<span[39m
                  
[33mclass[39m=[32m"currency"[39m
                [36m>[39m
                  [0mCOP[0m
                [36m</span>[39m
              [36m</div>[39m
              [36m<div[39m
                
[33mclass[39m=[32m"availability"[39m
              [36m>[39m
                [36m<span[39m
                  
[33mclass[39m=[32m"unavailable"[39m
                [36m>[39m
                  [36m<span[39m
                    
[33mclass[39m=[32m"dot"[39m
                  [36m>[39m
                    [0mÔùÅ[0m
                  [36m</span>[39m
                  [0m Agotado[0m
                [36m</span>[39m
              [36m</div>[39m
            [36m</div>[39m
            [36m<a[39m
              [33mclass[39m=[32m"button"[39m
              [33mhref[39m=[32m"/tienda/laptop
-hp-15-dy2021la"[39m
            [36m>[39m
              [0mVer detalles[0m
            [36m</a>[39m
          [36m</div>[39m
        [36m</article>[39m
      [36m</div>[39m
    [36m</body>[39m

    [0m [90m 61 |[39m     [36mconst[39m 
unavailableProduct [33m=[39m { 
[33m...[39mmockProduct[33m,[39m 
availability[33m:[39m [36mfalse[39m 
}[33m;[39m
     [90m 62 |[39m     
render([33m<[39m[33mProductCard[39m 
product[33m=[39m{unavailableProduct} 
[33m/[39m[33m>[39m)[33m;[39m
    [31m[1m>[22m[39m[90m 63 |[39m     expec
t(screen[33m.[39mgetByText([32m'Agotado'[39m)
)[33m.[39mtoBeInTheDocument()[33m;[39m
     [90m    |[39m                   
[31m[1m^[22m[39m
     [90m 64 |[39m   })[33m;[39m
     [90m 65 |[39m })[33m;[39m
     [90m 66 |[39m[0m

      at Object.getElementError (node_modules/@te
sting-library/dom/dist/config.js:37:19)
      at getElementError (node_modules/@testing-l
ibrary/dom/dist/query-helpers.js:20:35)
      at getMultipleElementsFoundError (node_modu
les/@testing-library/dom/dist/query-helpers.js:23
:10)
      at node_modules/@testing-library/dom/dist/q
uery-helpers.js:55:13
      at node_modules/@testing-library/dom/dist/q
uery-helpers.js:95:19
      at Object.getByText (src/components/tienda/
__tests__/ProductCard.test.tsx:63:19)

Test Suites: 1 failed, 1 total
Tests:       1 failed, 5 passed, 6 total
Snapshots:   0 total
Time:        3.376 s
Ran all test suites matching src/components/tiend
a/__tests__/ProductCard.test.tsx.
